// Jest Snapshot v1, https://goo.gl/fbAQLP

exports[`<CreateTranslationsCountryNameForm /> renders correctly 1`] = `
<LayoutWithTitle
  title="Create Translations Country Name"
>
  <BaseFormTranslationsCountryName
    buttonText="create"
    items={
      Object {
        "countryId": "",
        "id": "",
        "languages": Array [],
        "name": "",
      }
    }
    updateMethod={[MockFunction]}
  />
</LayoutWithTitle>
`;
