// Jest Snapshot v1, https://goo.gl/fbAQLP

exports[`getAllTranslations matches snapshot 1`] = `
Object {
  "en": Object {
    "dietFiltersAll": "All",
    "dietFiltersVegan": "Vegan",
    "dietFiltersVegetarian": "Vegetarian",
    "en-AU": "English (Australian)",
    "en-CA": "English (Canadian)",
    "en-GB": "English (British)",
    "en-NZ": "English (New Zealand)",
    "en-US": "English (USA)",
    "feedbackDoYouLikeTheAppQuestion": "Is Eat Seasonal useful?",
    "feedbackImprovementQuestion": "We'd love to hear feedback on how we could improve",
    "feedbackImprovementsPlaceholder": "Your feedback",
    "feedbackRateOnStoreQuestion": "Rating the app will help other people find the app and start eating seasonally",
    "feedbackRateOnStoreQuestionTitle": "Help others Eat Seasonal",
    "feedbackRateTheApp": "Rate the app",
    "feedbackSend": "Send feedback",
    "foodBadgesTitle": "Nutrients",
    "foodForBadgeFoundIn": "Found in",
    "foodTab": "Food",
    "fr-FR": "French",
    "gridView": "Grid view",
    "listView": "List view",
    "menuAboutUs": "About us",
    "menuAllSeasons": "All seasons",
    "menuChangeRegion": "Change region or language",
    "menuGiveFeedback": "Give feedback",
    "no": "No",
    "notNow": "Not now",
    "privacyPolicyTitle": "Privacy Policy",
    "recipesForFoodTitle": "Recipes",
    "recipesTab": "Recipes",
    "regionChangedDetectedYourClosestRegionAs": "We've detected your closest region as:",
    "regionChangedIfThisIsWrongClickHere": "If this is wrong, click here.",
    "searchBarPlaceholder": "Search",
    "seasonsForFoodKeyInSeason": "In season",
    "seasonsForFoodKeyNotInSeason": "Not in season",
    "seasonsForFoodTitle": "When are they in season?",
    "selectYourLanguage": "Select your language",
    "selectYourRegion": "Select your region",
    "yes": "Yes",
  },
}
`;
