// Jest Snapshot v1, https://goo.gl/fbAQLP

exports[`<BaseFormBadge /> renders correctly 1`] = `
<DataForm
  buttonText="Edit"
  formConfig={
    Object {
      "name": Object {
        "type": "text",
        "validation": Array [
          [Function],
        ],
      },
    }
  }
  item={Object {}}
  sendData={[MockFunction]}
/>
`;
