// Jest Snapshot v1, https://goo.gl/fbAQLP

exports[`FullListTranslationsCountryNames renders correctly 1`] = `
<GetAuthorizedBackendData
  InnerComponent={[Function]}
  requestDataMethod={[Function]}
/>
`;

exports[`FullListTranslationsCountryNames the inner component renders correctly 1`] = `
<FullList
  deleteItemFunc={[Function]}
  getItemEditUrl={[Function]}
  getItemId={[Function]}
  getItemName={[Function]}
  items={
    Array [
      Object {
        "countryId": "c1",
        "countryName": "country1",
        "id": "id",
        "languages": Array [
          "en-GB",
        ],
        "name": "name",
      },
    ]
  }
  title="Translations Country Names"
/>
`;
