// Jest Snapshot v1, https://goo.gl/fbAQLP

exports[`<AndroidAppDownload /> renders correctly 1`] = `
<a
  className="c-android-app-download"
  data-e2e="android-app-download"
  href="https://play.google.com/store/apps/details?id=com.chrisbdev.seasonal&pcampaignid=MKT-Other-global-all-co-prtnr-py-PartBadge-Mar2515-1"
>
  <img
    alt="Get it on Google Play"
    className="c-android-app-download__image"
    src="https://play.google.com/intl/en_us/badges/images/generic/en_badge_web_generic.png"
  />
</a>
`;
