// Jest Snapshot v1, https://goo.gl/fbAQLP

exports[`<AllSeasonsRecipes /> when the seasons are loaded renders correctly 1`] = `
<div
  className="c-all-seasons-recipes"
>
  <InfiniteScroll
    element="div"
    getScrollParent={null}
    hasMore={true}
    initialLoad={true}
    isReverse={false}
    loadMore={[MockFunction]}
    loader={<LoadingSpinner />}
    pageStart={0}
    ref={null}
    threshold={250}
    useCapture={false}
    useWindow={true}
  >
    <div
      className="c-all-seasons-recipes__season"
      key="January"
    >
      <SeasonNameView
        name="January"
      />
      <ImageGrid
        onClick={[MockFunction]}
        skipAnimation={true}
      />
    </div>
    <div
      className="c-all-seasons-recipes__season"
      key="February"
    >
      <SeasonNameView
        name="February"
      />
      <ImageGrid
        onClick={[MockFunction]}
        skipAnimation={true}
      />
    </div>
  </InfiniteScroll>
</div>
`;
