// Jest Snapshot v1, https://goo.gl/fbAQLP

exports[`<EditTranslationsCountryNameForm /> renders correctly 1`] = `
<LayoutWithTitle
  title="Edit Translations Country Name"
>
  <GetAuthorizedBackendData
    InnerComponent={[Function]}
    requestDataMethod={[Function]}
    updateMethod={[MockFunction]}
  />
</LayoutWithTitle>
`;
