// Jest Snapshot v1, https://goo.gl/fbAQLP

exports[`<TextMedium /> renders correctly 1`] = `
<Text
  style={
    Array [
      Object {
        "color": "#20303C",
        "fontFamily": "Roboto",
        "fontSize": 14,
        "lineHeight": 14,
      },
      Object {
        "color": "#000000",
      },
    ]
  }
>
  Text
</Text>
`;
