// Jest Snapshot v1, https://goo.gl/fbAQLP

exports[`<FoodDetailsPage /> renders correctly 1`] = `
<PageWithMenu>
  <div
    className="c-food-details-page__main"
  >
    <FoodDetailsTopSectionConnecter />
    <FoodDetailsLoaderConnecter />
    <RecipesForFoodConnecter />
    <SeasonsForFoodConnecter />
  </div>
</PageWithMenu>
`;
