// Jest Snapshot v1, https://goo.gl/fbAQLP

exports[`<FoodBadges /> when there are food badges renders correctly 1`] = `
<div
  className="c-food-badges"
>
  <TextHeadingSmall
    className="c-food-badges__heading"
  >
    Nutrition
  </TextHeadingSmall>
  <div
    className="c-food-badges__list"
  >
    <BareButton
      className="c-food-badges__badge"
      key="1"
      onClick={[Function]}
    >
      Iron
    </BareButton>
    <BareButton
      className="c-food-badges__badge"
      key="2"
      onClick={[Function]}
    >
      Vitamin A
    </BareButton>
  </div>
</div>
`;
