// Jest Snapshot v1, https://goo.gl/fbAQLP

exports[`<MainPageLayout /> renders correctly 1`] = `
<div
  className="c-main-page-layout"
>
  Children
</div>
`;
