// Jest Snapshot v1, https://goo.gl/fbAQLP

exports[`FullListTranslationsRegionNames renders correctly 1`] = `
<GetAuthorizedBackendData
  InnerComponent={[Function]}
  requestDataMethod={[Function]}
/>
`;

exports[`FullListTranslationsRegionNames the inner component renders correctly 1`] = `
<FullList
  deleteItemFunc={[Function]}
  getItemEditUrl={[Function]}
  getItemId={[Function]}
  getItemName={[Function]}
  items={
    Array [
      Object {
        "id": "id",
        "languages": Array [
          "en-GB",
        ],
        "name": "name",
        "regionId": "id-2",
        "regionName": undefined,
      },
    ]
  }
  title="Translations Region Names"
/>
`;
