// Jest Snapshot v1, https://goo.gl/fbAQLP

exports[`<EditCountryPage /> renders correctly 1`] = `<EditCountryForm />`;
