// Jest Snapshot v1, https://goo.gl/fbAQLP

exports[`<ViewCountryFoodNameMapsPage /> renders correctly 1`] = `<FullListCountryFoodNameMaps />`;
