// Jest Snapshot v1, https://goo.gl/fbAQLP

exports[`<MainContainer /> renders correctly 1`] = `
<View
  style={
    Object {
      "backgroundColor": "#FFFFFF",
      "flex": 1,
      "paddingTop": 10,
    }
  }
>
  Child
</View>
`;
