// Jest Snapshot v1, https://goo.gl/fbAQLP

exports[`<ReportFoodWithNoRecipesPage /> renders correctly 1`] = `<ReportFoodWithNoRecipes />`;
