// Jest Snapshot v1, https://goo.gl/fbAQLP

exports[`FullListTranslationsBadgeNames renders correctly 1`] = `
<GetAuthorizedBackendData
  InnerComponent={[Function]}
  requestDataMethod={[Function]}
/>
`;

exports[`FullListTranslationsBadgeNames the inner component renders correctly 1`] = `
<FullList
  deleteItemFunc={[Function]}
  getItemEditUrl={[Function]}
  getItemId={[Function]}
  getItemName={[Function]}
  items={
    Array [
      Object {
        "badgeId": "id-2",
        "badgeName": undefined,
        "id": "id",
        "languages": Array [
          "en-GB",
        ],
        "name": "name",
      },
    ]
  }
  title="Translations Badge Names"
/>
`;
