// Jest Snapshot v1, https://goo.gl/fbAQLP

exports[`<CreateTranslationsRegionNameForm /> renders correctly 1`] = `
<LayoutWithTitle
  title="Create Translations Region Name"
>
  <BaseFormTranslationsRegionName
    buttonText="create"
    items={
      Object {
        "id": "",
        "languages": Array [],
        "name": "",
        "regionId": "",
      }
    }
    updateMethod={[MockFunction]}
  />
</LayoutWithTitle>
`;
