// Jest Snapshot v1, https://goo.gl/fbAQLP

exports[`<SettingsBackButton /> renders correctly 1`] = `
<BackArrowIconButton
  onClick={[MockFunction]}
  style={
    Object {
      "marginRight": 12,
      "marginTop": 1,
    }
  }
/>
`;
