// Jest Snapshot v1, https://goo.gl/fbAQLP

exports[`<FoodTablePage /> renders correctly 1`] = `
<PageWithMenu>
  <div
    className="c-food-table-page__main"
  >
    <CurrentSeasonNameConnecter />
    <FoodTableConnecter />
    <RecipeTableConnecter />
    <BottomTabsConnecter />
  </div>
</PageWithMenu>
`;
