// Jest Snapshot v1, https://goo.gl/fbAQLP

exports[`FullListUsers renders correctly 1`] = `
<GetAuthorizedBackendData
  InnerComponent={[Function]}
  requestDataMethod={[MockFunction]}
/>
`;

exports[`FullListUsers the inner component renders correctly 1`] = `
<FullList
  deleteItemFunc={[Function]}
  getItemEditUrl={[Function]}
  getItemId={[Function]}
  getItemName={[Function]}
  items={
    Array [
      Object {
        "id": "id",
        "username": "username",
      },
    ]
  }
  title="Users"
/>
`;
