// Jest Snapshot v1, https://goo.gl/fbAQLP

exports[`<ViewAppLinks /> renders correctly 1`] = `
<div
  className="c-view-app-links"
>
  <IOSAppDownload />
  <AndroidAppDownload />
  <ViewWebAppVersionConnector />
</div>
`;
